Found errors in templates:
Syntax Error in business_detail.html: Invalid filter: 'split'
Syntax Error in business_form.html: Invalid filter: 'split'
